school_level_other
source_maintenance_fund
weather_condition_other
cont_pos_other
history_of_flooding
last_flood_event
flood_height
comment_flood_height
image_flood_height
flood_mitigation_measures
comment_flood_mitigation_measures
image_flood_mitigation_measures
drainage_system_culverts_overflowed
comment_drainage_system_culverts_overflowed
image_drainage_system_culverts_overflowed
landslide_evidence
comment_landslide_evidence
image_landslide_evidence
last_landslide_event
general_terrain_other
ingo
ngo
int_donor
local_donor
classes_in_tlc_other
owns_land_other
sepetic_tank_damaged
comment_septic_tank_damaged
compound_wall_damage_state
comment_compound_wall_damage
image_compound_wall_damage
compound_wall_condition
proximity_to_unsafe_other
cooking_stove_type
comment_cooking_stove_type
space_heating_solution_type
comment_heating_solution_type
cooking_stove_vendor_other
space_heating_solution_vendor_other
electricity_monthly_payment
second_emis
drawing
drawing_info
hazard_data
hazard_data_info
reports
reports_info
previous_assessment
previous_assessment_info
retrofit_designs
retrofit_designs_info
primary_funder_other
building_constructed_other
history_of_addition_other
year_retrofitted
retrofitting_intervention
design_retrofitting_intervention
certain_floor
smallest_gap
image_smallest_gap
geometry_elevation
variation_in_storey
mass_irregularity
proportion_of_column_list
wall_from_foundation_proportion
no_of_pieces
piece_code
foundation_type
comment_foundation_type
image_foundation_type
continuous_lintel_beam
damage_foundation
area_storey
floor_structure
floor_structure_connected
comment_floor_structure_connected
image_floor_structure_connected
floor_condition
comment_floor_condition
image_floor_condition
masonry_wall_type
comment_masonry_wall_type
stone_type
comment_stone_type
image_stone_type
wall_panel_principal_direction
comment_wall_panel_principal_direction
image_wall_panel_principal_direction
wall_thickness
comment_stone_type
image_stone_type
wall_panel_length
comment_wall_panel_length
image_wall_panel_length
wall_height
comment_wall_height
image_wall_height
width_opening_single_storey
comment_width_opening_single_storey
image_width_opening_single_storey
width_opening_multiple_storey
comment_width_opening_multiple_storey
image_width_opening_multiple_storey
wall_collapsed
comment_wall_collapsed
image_wall_collapsed
corner_separation
comment_corner_separation
image_corner_separation
corner_failure
cracking_evidence
comment_cracking_evidence
image_cracking_evidence
extent_of_cracking
comment_extent_of_cracking
image_extent_of_cracking
diagonal_cracking
comment_diagonal_cracking
image_diagonal_cracking
extent_of_in_plane_wall_damage
comment_extent_of_in_plane_wall_damage
image_extent_of_in_plane_wall_damage
out_plane_failure
comment_out_plane_failure
image_out_plane_failure
wall_delamination
comment_wall_delamination
image_wall_delamination
masonry_deteriorated
comment_masonry_deteriorated
image_masonry_deteriorated
seismic_enhancement
comment_seismic_enhancement
image_seismic_enhancement
retrofitted
comment_retrofitted
image_retrofitted
two_or_more_line_concrete_frame
comment_two_or_more_line_concrete_frame
two_or_more_bay
comment_two_or_more_bay
walls_storey_height_rc_frame
wall_panel_length_rc_frame
comment_infill_wall_material
image_infill_wall_material
exterior_infill_wall_thickness
comment_exterior_infill_wall_thickness
interior_infill_wall_thickness
comment_interior_infill_wall_thickness
construction_sequence
comment_construction_sequence
image_construction_sequence
external_masonry_offset
masonry_offset_wall_thickness_rc_frame
masonry_offset_wall_height_rc_frame
comment_wall_masonry_offset_height_rc_frame
image_masonry_offset_wall_height_rc_frame
column_size
comment_column_size
image_column_size
short_direction
long_direction
comment_beam_span
image_beam_spaninfill_panel_out_of_plane
comment_infill_panel_out_of_plane
image_infill_panel_out_of_plane
depth_long_direction
breadth_long_direction
depth_short_direction
breadth_short_direction
note_frame_2
note_frame_3
note_frame_3X
effective_height_unrestrained
comment_effective_height_unrestrained
image_effective_height_unrestrained
short_column_damage_list
comment_short_column_damage
image_short_column_damage
beam_column_joint_damage
comment_beam_column_joint_damage
image_beam_column_joint_damage
rc_column_damage
comment_rc_column_damage
image_rc_column_damage
rc_beam_damage
comment_rc_beam_damage
image_rc_beam_damage
infill_panel_out_of_plane
comment_infill_panel_out_of_plane
image_infill_panel_out_of_plane
cracking_evidence_rc_frame
comment_cracking_evidence_rc_frame
image_cracking_evidence_rc_frame
extent_of_cracking_rc_frame
comment_extent_of_cracking_rc_frame
image_extent_of_cracking_rc_frame
diagonal_cracking_rc_frame
comment_diagonal_cracking_rc_frame
image_diagonal_cracking_rc_frame
extent_of_diagonal_cracking_rc_frame
comment_extent_of_diagonal_cracking_rc_frame
image_extent_of_diagonal_cracking_rc_frame
perimeter_cracking
comment_perimeter_cracking
image_perimeter_cracking
general_condition
comment_general_condition
image_general_condition
retrofitted_evidence_rc_frame
comment_retrofitted_evidence_rc_frame
image_retrofitted_evidence_rc_frame
structural_defect_rc_frame
overall_quality_rc_frame
comment_overall_quality_rc_frame
cross_section_steel_frame
cross_section_steel_frame_other
connection_steel_frame
maximum_post_size
frame_protection
infill_wall_partially_masonry
comment_infill_wall_partially_masonry
wall_type_steel_frame
masonry_built
comment_masonry_built
masonry_wall_type_steel_frame
stone_type_steel_frame
comment_stone_type_steel_frame
image_stone_type_steel_frame
wall_thickness_steel_frame
comment_wall_thickness_steel_frame
image_wall_thickness_steel_frame
wall_panel_length_steel_frame
comment_wall_panel_length_steel_frame
image_wall_panel_length_steel_frame
wall_height_steel_frame
comment_wall_height_steel_frame
image_wall_height_steel_frame
combined_width
comment_combined_width
image_combined_width
steel_structure_damage
comment_steel_structure_damage
image_steel_structure_damage
steel_structure_condition
comment_steel_structure_condition
image_steel_structure_condition
steel_frame_reusable
comment_steel_frame_reusable
wall_collapsed_steel_frame
comment_wall_collapsed_steel_frame
image_wall_collapsed_steel_frame
cracking_evidence_steel_frame
comment_cracking_evidence_steel_frame
image_cracking_evidence_steel_frame
extent_of_cracking_steel_frame
comment_extent_of_cracking_steel_frame
image_extent_of_cracking_steel_frame
diagonal_cracking_steel_frame
comment_diagonal_cracking_steel_frame
image_diagonal_cracking_steel_frame
extent_of_inplane_wall_damage_steel_frame
comment_extent_of_inplane_wall_damage_steel_frame
image_extent_of_inplane_wall_damage_steel_frame
corner_separation_steel_frame
comment_corner_separation_steel_frame
image_corner_separation_steel_frame
out_plane_failure_steel_frame
comment_out_plane_failure_steel_frame
image_out_plane_failure_steel_frame
wall_delamination_steel_frame
comment_wall_delamination_steel_frame
image_wall_delamination_steel_frame
masonry_deteriorated_steel_frame
comment_masonry_deteriorated_steel_frame
image_masonry_deteriorated_steel_frame
seismic_enhancement_steel_frame
comment_seismic_enhancement_steel_frame
image_seismic_enhancement_steel_frame
retrofitted_evidence_steel_frame
comment_retrofitted_evidence_steel_frame
image_retrofitted_evidence_steel_frame
structural_defect_steel_frame
overall_quality_steel_frame
comment_overall_quality_steel_frame
type_of_structure_timber
comment_type_of_structure_timber
image_type_of_structure_timber
cross_section_timber_frame
comment_cross_section_timber_frame
image_cross_section_timber_frame
connection_timber_frame
comment_connection_timber_frame
image_connection_timber_frame
timber_species
hardwood_timber_frame
comment_hardwood_timber_frame
softwood_timber_frame
comment_softwood_timber_frame
infill_wall_partially_masonry_timber_frame
comment_infill_wall_partially_masonry_timber_frame
infill_wall_made_canes_bamboos
comment_infill_wall_made_canes_bamboos
masonry_built_timber_frame
comment_masonry_built_timber_frame
image_masonry_built_timber_frame
masonry_wall_type_timber_frame
comment_masonry_wall_type_timber_frame
image_masonry_wall_type_timber_frame
stone_type_timber_frame
comment_stone_type_timber_frame
wall_thickness_timber_frame
comment_wall_thickness_timber_frame
image_wall_thickness_timber_frame
wall_panel_length_timber_frame
comment_wall_panel_length_timber_frame
image_wall_panel_length_timber_frame
wall_height_timber_frame
comment_wall_height_timber_frame
combined_width_timber_frame
comment_combined_width_timber_frame
image_combined_width_timber_frame
timber_structure_damage
comment_timber_structure_damage
image_timber_structure_damage
condition_timber_structure
comment_condition_timber_structure
image_condition_timber_structure
timber_frame_reusable
comment_timber_frame_reusable
wall_collapsed_timber_frame
comment_wall_collapsed_timber_frame
image_wall_collapsed_timber_frame
cracking_evidence_timber_frame
comment_cracking_evidence_timber_frame
image_cracking_evidence_timber_frame
extent_of_cracking_timber_frame
comment_extent_of_cracking_timber_frame
image_extent_of_cracking_timber_frame
diagonal_cracking_timber_frame
comment_diagonal_cracking_timber_frame
image_diagonal_cracking_timber_frame
extent_of_diagonal_cracking_timber_frame
comment_extent_of_diagonal_cracking_timber_frame
image_extent_of_diagonal_cracking_timber_frame
corner_separation_timber_frame
comment_corner_separation_timber_frame
image_corner_separation_timber_frame
out_plane_failure_timber_frame
comment_out_plane_failure_timber_frame
image_out_plane_failure_timber_frame
wall_delamination_timber_frame
comment_wall_delamination_timber_frame
image_wall_delamination_timber_frame
masonry_deteriorated_timber_frame
comment_masonry_deteriorated_timber_frame
image_masonry_deteriorated_timber_frame
seismic_enhancement_timber_frame
comment_seismic_enhancement_timber_frame
image_seismic_enhancement_timber_frame
retrofitted_evidence_timber_frame
comment_retrofitted_evidence_timber_frame
image_retrofitted_evidence_timber_frame
structural_defect_timber_frame
overall_quality_timber_frame
comment_overall_quality_timber_frame
roof_shape
comment_roof_shape
image_roof_shape
roofing_structure
comment_roof_structure
image_roof_structure
roofing_material
comment_roofing_material
image_roofing_material
roof_covering_tied
roof_covering_tied_type
comment_roof_covering_tied
image_roof_covering_tied
roof_structure_connection
comment_roof_structure_connection
image_roof_structure_connection
roof_condition
comment_roof_condition
image_roof_condition
gable_wall_damage_roof
comment_gable_wall_damage_roof
image_gable_wall_damage_roof
parapets
comment_parapets
image_parapets
parapets_height
parapets_thickness
parapets_damage
image_parapets_damage
pendiments
pendiments_damage
image_pendiments_damage