flooding/exposure_4/comment_risk_of_flooding
flooding/exposure_4/image_risk_of_flooding
flooding/flooding_risk/last_flood_event
flooding/flooding_risk/exposure_5/flood_height
flooding/flooding_risk/exposure_5/comment_flood_height
flooding/flooding_risk/exposure_5/image_flood_height
flooding/flooding_risk/exposure_6/flood_mitigation_measures
flooding/flooding_risk/exposure_6/comment_flood_mitigation_measures
flooding/flooding_risk/exposure_6/image_flood_mitigation_measures
flooding/exposure_7/comment_man_made_drainage
flooding/exposure_7/image_man_made_drainage
flooding/exposure_8/drainage_system_culverts_overflowed
flooding/exposure_8/comment_drainage_system_culverts_overflowed
flooding/exposure_8/image_drainage_system_culverts_overflowed
physical_planning/physical_planning_2/funded_1/ingo
physical_planning/physical_planning_2/funded_1/ngo
physical_planning/physical_planning_2/funded_1/int_donor
physical_planning/physical_planning_2/funded_1/local_donor
building_assessment/general_building_info/input_info_1/drawing
building_assessment/general_building_info/input_info_1/drawing_info
building_assessment/general_building_info/input_info_1/hazard_data
building_assessment/general_building_info/input_info_1/hazard_data_info
building_assessment/general_building_info/input_info_1/reports
building_assessment/general_building_info/input_info_1/reports_info
building_assessment/general_building_info/input_info_1/previous_assessment
building_assessment/general_building_info/input_info_1/previous_assessment_info
building_assessment/general_building_info/general_building_info_9/smallest_gap
building_assessment/general_building_info/general_building_info_9/image_smallest_gap
building_assessment/general_building_assessment/general_building_assessment_2/geometry_elevation
building_assessment/general_building_assessment/general_building_assessment_2/variation_in_storey
building_assessment/general_building_assessment/general_building_assessment_2/mass_irregularity
building_assessment/general_building_assessment/general_building_assessment_2/proportion_of_column_list
building_assessment/general_building_assessment/general_building_assessment_2/wall_from_foundation_proportion
building_element/roof/roof_3/roof_3c/roof_structure_connection
building_element/roof/roof_3/roof_3c/roof_structure_connection_other
building_element/roof/roof_3/roof_3c/comment_roof_structure_connection
building_element/roof/roof_3/roof_3c/image_roof_structure_connection
building_element/roof/roof_7/parapets_height
building_element/roof/roof_7/parapets_thickness
building_element/roof/roof_7/roof_7a/parapets_damage
building_element/roof/roof_7/roof_7a/image_parapets_damage
building_element/roof/roof_8/pendiments_damage
load_bearing/wall/wall_1/stone_type
load_bearing/wall/wall_1/comment_stone_type
load_bearing/wall/wall_1/image_stone_type
load_bearing/wall_damage/wall_damage_5/extent_of_cracking
load_bearing/wall_damage/wall_damage_5/comment_extent_of_cracking
load_bearing/wall_damage/wall_damage_5/image_extent_of_cracking
load_bearing/wall_damage/wall_damage_7/extent_of_in_plane_wall_damage
load_bearing/wall_damage/wall_damage_7/comment_extent_of_in_plane_wall_damage
load_bearing/wall_damage/wall_damage_7/image_extent_of_in_plane_wall_damage
rc_frame/walls_rc_frame/offset_wall/masonry_offset_wall_thickness_rc_frame
rc_frame/walls_rc_frame/offset_wall/walls_rc_frame_5/masonry_offset_wall_height_rc_frame
rc_frame/walls_rc_frame/offset_wall/walls_rc_frame_5/comment_masonry_offset_wall_height_rc_frame
rc_frame/walls_rc_frame/offset_wall/walls_rc_frame_5/image_masonry_offset_wall_height_rc_frame
rc_frame/frame/short_column_damage_list
rc_frame/infill_wall_damage/infill_wall_damage_3/extent_of_cracking_rc_frame
rc_frame/infill_wall_damage/infill_wall_damage_3/comment_extent_of_cracking_rc_frame
rc_frame/infill_wall_damage/infill_wall_damage_3/image_extent_of_cracking_rc_frame
rc_frame/infill_wall_damage/infill_wall_damage_5/extent_of_diagonal_cracking_rc_frame
rc_frame/infill_wall_damage/infill_wall_damage_5/comment_extent_of_diagonal_cracking_rc_frame
rc_frame/infill_wall_damage/infill_wall_damage_5/image_extent_of_diagonal_cracking_rc_frame