"flooding/exposure_4/comment_risk_of_flooding",
"flooding/exposure_4/image_risk_of_flooding",
"flooding/flooding_risk/last_flood_event",
"flooding/flooding_risk/exposure_5/flood_height",
"flooding/flooding_risk/exposure_5/comment_flood_height",
"flooding/flooding_risk/exposure_5/image_flood_height",
"flooding/flooding_risk/exposure_6/flood_mitigation_measures",
"flooding/flooding_risk/exposure_6/comment_flood_mitigation_measures",
"flooding/flooding_risk/exposure_6/image_flood_mitigation_measures"
"flooding/exposure_7/comment_man_made_drainage",
"flooding/exposure_7/image_man_made_drainage",
"flooding/exposure_8/drainage_system_culverts_overflowed",
"flooding/exposure_8/comment_drainage_system_culverts_overflowed",
"flooding/exposure_8/image_drainage_system_culverts_overflowed"
"physical_planning/physical_planning_2/funded_1/ingo",
"physical_planning/physical_planning_2/funded_1/ngo",
"physical_planning/physical_planning_2/funded_1/int_donor",
"physical_planning/physical_planning_2/funded_1/local_donor"
